WARNING|STATIC_WARNING|UNUSED_FIELD|D:\\bovicheck\\bovicheck\\lib\\telas\\6_indicadores\\historico_gmd.dart|25|16|8|The value of the field '_animais' isn't used.
WARNING|STATIC_WARNING|UNUSED_FIELD|D:\\bovicheck\\bovicheck\\lib\\telas\\6_indicadores\\historico_iep.dart|24|16|8|The value of the field '_animais' isn't used.
WARNING|STATIC_WARNING|UNUSED_IMPORT|D:\\bovicheck\\bovicheck\\lib\\telas\\6_indicadores\\historico_leite.dart|6|8|26|Unused import: '../../estilos/cores.dart'.
WARNING|STATIC_WARNING|UNUSED_FIELD|D:\\bovicheck\\bovicheck\\lib\\telas\\6_indicadores\\historico_leite.dart|24|16|8|The value of the field '_animais' isn't used.
WARNING|STATIC_WARNING|UNUSED_IMPORT|D:\\bovicheck\\bovicheck\\lib\\telas\\6_indicadores\\historico_mortalidade.dart|4|8|46|Unused import: 'package:flutter_animate/flutter_animate.dart'.
WARNING|STATIC_WARNING|UNUSED_FIELD|D:\\bovicheck\\bovicheck\\lib\\telas\\6_indicadores\\historico_mortalidade.dart|20|8|11|The value of the field '_carregando' isn't used.
WARNING|STATIC_WARNING|UNUSED_IMPORT|D:\\bovicheck\\bovicheck\\lib\\telas\\6_indicadores\\historico_pesagem.dart|6|8|26|Unused import: '../../estilos/cores.dart'.
WARNING|STATIC_WARNING|UNNECESSARY_NULL_COMPARISON|D:\\bovicheck\\bovicheck\\lib\\telas\\6_indicadores\\historico_pesagem.dart|390|33|7|The operand can't be 'null', so the condition is always 'true'.
WARNING|STATIC_WARNING|UNNECESSARY_NON_NULL_ASSERTION|D:\\bovicheck\\bovicheck\\lib\\telas\\6_indicadores\\historico_pesagem.dart|390|51|1|The '!' will have no effect because the receiver can't be null.
WARNING|STATIC_WARNING|UNNECESSARY_NON_NULL_ASSERTION|D:\\bovicheck\\bovicheck\\lib\\telas\\6_indicadores\\historico_pesagem.dart|391|35|1|The '!' will have no effect because the receiver can't be null.
WARNING|STATIC_WARNING|UNUSED_IMPORT|D:\\bovicheck\\bovicheck\\lib\\telas\\6_indicadores\\historico_reproducao.dart|6|8|26|Unused import: '../../estilos/cores.dart'.
WARNING|STATIC_WARNING|UNUSED_LOCAL_VARIABLE|D:\\bovicheck\\bovicheck\\lib\\telas\\6_indicadores\\tela_indicadores.dart|703|11|5|The value of the local variable 'color' isn't used.
WARNING|STATIC_WARNING|UNUSED_ELEMENT|D:\\bovicheck\\bovicheck\\lib\\telas\\6_indicadores\\tela_indicadores.dart|833|7|14|The declaration '_CardNavegacao' isn't referenced.
WARNING|STATIC_WARNING|UNUSED_ELEMENT_PARAMETER|D:\\bovicheck\\bovicheck\\lib\\telas\\6_indicadores\\tela_indicadores.dart|843|10|9|A value for optional parameter 'descricao' isn't ever given.
WARNING|STATIC_WARNING|UNUSED_ELEMENT_PARAMETER|D:\\bovicheck\\bovicheck\\lib\\telas\\6_indicadores\\tela_indicadores.dart|844|10|5|A value for optional parameter 'valor' isn't ever given.
INFO|LINT|CURLY_BRACES_IN_FLOW_CONTROL_STRUCTURES|D:\\bovicheck\\bovicheck\\lib\\telas\\6_indicadores\\tela_indicadores.dart|983|11|36|Statements in an if should be enclosed in a block.
